/**
 * Public entry point for agent-director.
 */
export { Client } from "./client.js";
export { resolveSystemBinary } from "./client.js";
export type { ResolveSystemBinaryResult, ResolveSystemBinaryOptions, } from "./client.js";
export { MIN_BINARY_VERSION, DEV_SENTINEL_VERSION, } from "./internal/constants.js";
export { AgentDirectorError, ErrClientClosed, ErrBunVersionTooOld, ErrSystemInstallNotFound, ErrSystemInstallTooOld, ErrSystemInstallUnreachable, ErrCallerCwdUnreachable, // b.cot — fail-fast when caller's cwd is unreachable
ErrConsumerSignal, ErrCallTimeout, ErrUnknownErrorName, errorFromEnvelope, ErrCwdMissing, ErrCwdNotAPath, ErrCwdNotFound, ErrCwdNotADirectory, ErrRelayModeInvalid, ErrSpawnDeniedFlag, ErrReservedEnvKey, ErrInstanceIdCollision, ErrTmuxSessionNameEmpty, ErrTmuxSessionNameInvalid, ErrTmuxSessionNameTooLong, ErrSpawnNotFound, ErrTmuxNotAvailable, ErrTmuxSessionCreate, ErrTmuxSendKeys, ErrTmuxCaptureFailed, ErrSpawnNotInteractive, ErrSendKeysWhileRelayed, ErrSpawnNotPausable, ErrPauseTimeout, ErrListInvalidLabel, ErrTemplateNameUnsafe, ErrTemplateNotFound, ErrTemplateMalformed, ErrTemplateExists, ErrProbeUnsupported, ErrSpawnNotResumable, ErrNoSessionId, ErrJsonlMissing, ErrRelayModeOff, ErrInvalidDecision, ErrNoOpenPermissionRequest, ErrAlreadyDecided, ErrPermissionRequestNotFound, ErrAmbiguousRequest, ErrMissingRequestToken, ErrInvalidFlags, } from "./errors.js";
export type { CheckedLocation, UnreachableReason } from "./errors.js";
export type { ClientOptions, Logger } from "./types.js";
export type { VerbSummary, PermissionRequestInfo, ListRow } from "./types.js";
export type { SpawnParams, SpawnResult, StatusParams, StatusResult, GetParams, GetResult, SendKeysParams, SendKeysResult, ReadPaneParams, ReadPaneResult, KillParams, KillResult, DecideParams, DecideResult, GetPermissionParams, GetPermissionResult, ResumeParams, ResumeResult, FindMissingParams, FindMissingResult, ExpireParams, ExpireResult, DeleteParams, DeleteResult, MakeTemplateParams, MakeTemplateResult, ListParams, ListResult, PauseParams, PauseResult, VersionParams, VersionResult, } from "./types.js";
