/**
 * Structural logger interface — mirrors the four conventional log levels.
 * All methods are optional; callers may pass any object that implements the
 * subset they care about (e.g., `console`).
 */
export interface Logger {
    debug?: (message: string, ...args: unknown[]) => void;
    info?: (message: string, ...args: unknown[]) => void;
    warn?: (message: string, ...args: unknown[]) => void;
    error?: (message: string, ...args: unknown[]) => void;
}
/**
 * Options accepted by the `Client` constructor (SRD SR-1.2).
 *
 * All fields are optional. When omitted, the bundled CLI binary's own
 * three-tier default resolution applies (config.toml value, then the CLI's
 * hardcoded fallback such as `~/.agent-director/state.db`). The TS Client
 * does NOT provide a fallback; it forwards user input verbatim to keep the
 * CLI as the single source of truth for default resolution. See bug b.32k.
 *
 * `storePath`, `home` and `tmuxCommand` are forwarded verbatim; the TS Client
 * does no tilde expansion of its own. The CLI subprocess, which inherits this
 * process's environment, expands `~`: a bare `~` or a leading `~/` in `home`
 * against the inherited `HOME`, then a leading `~/` in `storePath` and
 * `tmuxCommand` (and a bare `~` in `tmuxCommand`) against the resulting
 * `HOME`, which is `home` when set. The CLI never resolves `~` against the
 * passwd home: with `HOME` unset or empty, a `~` or `~/` `home` rejects every
 * call with `ErrInvalidFlags`, and with no `home` either, every call that
 * opens the store is refused. Other values, relative paths included, are
 * forwarded unchanged and the CLI resolves them. b.38a.
 *
 * An empty `storePath`, `home` or `tmuxCommand` is forwarded as given (e.g.
 * `--store-path ""`); the CLI rejects it on every verb call, which then
 * rejects with `ErrInvalidFlags`. It never falls back to the default. b.pu2.
 */
export interface ClientOptions {
    /**
     * Path to the SQLite store file. Forwarded verbatim as `--store-path` to the
     * CLI subprocess, which expands a leading `~/`.
     *
     * When omitted, the CLI's three-tier default resolution applies:
     *   1. CLI flag (this field, when set) → 2. cfg.Store.DbPath in
     *   ~/.agent-director/config.toml → 3. hardcoded fallback
     *   ~/.agent-director/state.db.
     *
     * The TS Client no longer provides a fallback (b.32k).
     */
    storePath?: string;
    /**
     * Override the tmux binary. Forwarded verbatim as `--tmux-command` to the
     * CLI subprocess, which expands a bare `~` or a leading `~/`. When omitted,
     * the CLI looks up `tmux` on PATH.
     */
    tmuxCommand?: string;
    /**
     * Override HOME for the duration of every subprocess call this Client
     * issues. Forwarded verbatim as `--home` to the CLI subprocess, which
     * expands a bare `~` or a leading `~/` against the inherited `HOME`.
     *
     * When omitted, the CLI subprocess inherits HOME from the calling process
     * environment (which is the correct default — set HOME at the
     * test-process level via withTempHome or similar). Set this only when you
     * need the CLI to resolve `~/...` paths against a specific directory that
     * differs from the calling process's HOME. b.32k.
     */
    home?: string;
    /**
     * When `true`, create the store and initialize the database schema if the
     * store file does not yet exist. When `false` (the default), opening a
     * non-existent store returns an error. Mirrors `pkg/api.Options.CreateIfMissing`.
     */
    createIfMissing?: boolean;
    /** Optional logger for client-side warnings (e.g., non-fatal close errors). */
    logger?: Logger;
    /**
     * Per-call timeout for the subprocess Client, in milliseconds. Default: 30000 (30 s).
     *
     * When a subprocess call exceeds this threshold the Client sends SIGTERM,
     * waits up to 2 seconds for a graceful exit, then sends SIGKILL. The
     * in-flight call's promise rejects with ErrCallTimeout.
     *
     * Zero or negative values are rejected at Client construction time.
     * (SRD SR-6.1)
     *
     * Each store statement a call runs can wait up to the store's busy
     * timeout (`[store] busy_timeout_ms`, 10 s by default) while another
     * process holds the store locked. A call whose waits add up to this
     * timeout, one wait at this length or more or several shorter ones, is
     * cut off with ErrCallTimeout before SQLite gives up. Nothing adjusts this
     * timeout to that key: raise it to match when raising the key (b.c7f).
     */
    callTimeoutMs?: number;
}
/** Mirrors pkg/api.VerbSummary — one entry in the `help` verb result. */
export interface VerbSummary {
    /** Canonical CLI/MCP verb name (e.g. "spawn", "send-keys"). */
    name: string;
    /** One-line verb description from the manifest. */
    description: string;
}
/** Mirrors pkg/api/get.go::PermissionRequestInfo — embedded in GetResult when state=check_permission. */
export interface PermissionRequestInfo {
    /** Autoincrement primary key of the permission_requests row. */
    request_id: number;
    /** UUIDv4 token minted by runRelay for this request. Pass to the decide verb to target a specific row. */
    request_token: string;
    /** Claude Code tool that triggered the permission request (e.g. "Bash"). */
    tool_name: string;
    /** Raw JSON string of the tool input as stored in the DB. NOT a nested object. */
    tool_input: string;
    /** RFC3339 timestamp when the permission request row was created. */
    requested_at: string;
}
/** Mirrors pkg/api/list.go::ListRow — one Spawn row returned by the list verb. */
export interface ListRow {
    /** Stable Spawn id. */
    claude_instance_id: string;
    /** Parent Spawn id (omitted when launched from a plain shell). */
    parent_id?: string;
    /**
     * Current lifecycle state (pending/waiting/working/ask_user/check_permission/ended/missing).
     * pending means a launch (spawn, reuse or resume) is in progress and the agent has not
     * reported in yet (Claude Code's SessionStart); it may be loading or waiting at a startup
     * prompt. A resumed pending row keeps its session id and history.
     */
    state: string;
    /** Canonicalized working directory. */
    cwd: string;
    /** tmux session name. */
    tmux_session_name: string;
    /** "on" or "off". */
    relay_mode: string;
    /** Caller-supplied key-value tags. */
    labels: Record<string, string>;
    /** Row insert time (RFC3339). */
    started_at: string;
    /** Most recent hook UPSERT time (RFC3339). */
    last_seen_at: string;
    /** Set when state moves to ended (omitted while live). */
    ended_at?: string | null;
    /** Start of the launch in progress (RFC3339 UTC, millisecond precision); present only on a pending row, omitted otherwise. */
    launch_started_at?: string | null;
    /**
     * RFC3339 timestamp of the first sweep that noted this live row (left it
     * unverified, or noted it `unreported`); kept while later sweeps change
     * `liveness_note`, `unreported` included. Cleared together with
     * `liveness_note` when a sweep finds the agent process alive, except on a
     * pending row it notes `unreported` and a pending row noted
     * `provenance_conflict`, which keeps it; omitted/null while the row has no
     * note.
     */
    liveness_unverified_since?: string | null;
    /**
     * Reason token of the latest sweep that left this live row unverified (its
     * agent process could not be checked and tmux did not settle it), for
     * example `process_not_seen_session_present`,
     * `process_not_seen_tmux_unchecked`, `probe_eacces`, `tmux_server_changed`
     * or `provenance_conflict`; overwritten when the reason changes. Cleared
     * together with `liveness_unverified_since` when a sweep finds the agent
     * process alive, except on a pending row it notes `unreported` and a
     * pending row noted `provenance_conflict`, which keeps it; omitted/null
     * while the row has no note. Or `unreported`, on a pending row past the
     * pending grace period: its agent is alive, but no hook has reported since
     * its launch, so it may sit at a Claude Code startup screen or idle at its
     * prompt. The row stays pending. To act on it: `readPane`, then `sendKeys`
     * with `allow_pending`; only a caller that looked should type. A later
     * sweep that finds the agent alive keeps the note; the agent's next hook
     * clears it. `unreported` never replaces `provenance_conflict`.
     */
    liveness_note?: string | null;
}
/** Mirrors pkg/api.SpawnParams (json tags) — alias of internal/spawn.SpawnParams. */
export interface SpawnParams {
    /** Absolute (or ~/-prefixed) path the Spawn's Claude starts in. Required. */
    cwd: string;
    /** Named template under ~/.agent-director/templates/. */
    template?: string;
    /** Explicit instance id (UUID4 minted when absent). */
    claude_instance_id?: string;
    /** KEY=VALUE label pairs. */
    label?: string[];
    /** permissions.allow entries. */
    allow?: string[];
    /** permissions.deny entries. */
    deny?: string[];
    /** permissions.ask entries. */
    ask?: string[];
    /** "on" | "off" | "" (use config default). */
    relay_mode?: string;
    /**
     * KEY→VALUE env-var overrides injected on the tmux session. `AGENT_DIRECTOR_*`
     * keys and `HOME` (any value) are refused with `ErrReservedEnvKey`, a template's
     * included: an extra_env `HOME` would move the agent's hook to another
     * agent-director store. Set an absolute `CLAUDE_CONFIG_DIR` to give the agent its
     * own Claude Code config. A key that is not a valid env-var name (empty, or
     * containing `=` or a NUL character, which tmux would read as a different
     * variable) is refused with `ErrReservedEnvKey` too, a template's included,
     * and never rewritten; the description says what is wrong with it, and
     * nothing is launched.
     */
    extra_env?: Record<string, string>;
    /** Pass-through argv to `claude` after the supervisor's own flags. */
    claude_args?: string[];
    /**
     * Skip pre-writing the folder-trust entry for `cwd` (into
     * `<CLAUDE_CONFIG_DIR>/.claude.json` when `extra_env` sets `CLAUDE_CONFIG_DIR`,
     * otherwise `~/.claude.json`). The choice is recorded on the row for its life,
     * and every `resume` of that life follows it. The result then reports
     * `pre_trust: "skipped"`. Default false.
     */
    no_pre_trust?: boolean;
    /** Explicit tmux session name. Auto-derived when absent. */
    tmux_session_name?: string;
    /**
     * Reuse an explicit `claude_instance_id` whose row is `ended` or `missing`;
     * a live row, `pending` included, still collides. No effect without an
     * explicit `claude_instance_id`; applies to this call only. Default false:
     * any existing row with the id collides with `ErrInstanceIdCollision`.
     */
    reuse_finished?: boolean;
}
/**
 * Mirrors pkg/api/spawn.go::SpawnResult. The row is `pending` from its insert until
 * the agent reports in (Claude Code's SessionStart), then `waiting`.
 */
export interface SpawnResult {
    /** The id the new Spawn is tracked under. */
    claude_instance_id: string;
    /**
     * What the launch's folder-trust pre-trust did. `"ok"`: the folder-trust entry was
     * written. `"skipped"`: pre-trust was off for this launch because the caller passed
     * `no_pre_trust`; nothing was attempted. `"failed"`: pre-trust was attempted and the
     * entry was not written (the `.claude.json` file is missing, or could not be read,
     * parsed or written, or `extra_env` sets `CLAUDE_CONFIG_DIR` to a path that is not
     * absolute); the agent may stop at Claude Code's folder-trust prompt. A pre-trust
     * failure never fails the spawn.
     */
    pre_trust: "ok" | "skipped" | "failed";
}
/** Mirrors the `status` verb's `claude_instance_id` param (pkg/api.Client.Status arg). */
export interface StatusParams {
    /** Id of the Spawn to inspect. */
    claude_instance_id: string;
}
/** Mirrors pkg/api/status.go::StatusResult */
export interface StatusResult {
    /**
     * Current lifecycle state (pending/waiting/working/ask_user/check_permission/ended/missing).
     * pending means a launch (spawn, reuse or resume) is in progress and the agent has not
     * reported in yet (Claude Code's SessionStart); it may be loading or waiting at a startup
     * prompt. A resumed pending row keeps its session id and history; a caller tells it
     * from a fresh one by its non-empty `claude_session_id`, shown by `get`.
     */
    state: string;
    /** Start of the launch in progress (RFC3339 UTC, millisecond precision); present only on a pending row, omitted otherwise. */
    launch_started_at?: string | null;
}
/** Mirrors the `get` verb's `claude_instance_id` param (pkg/api.Client.Get arg). */
export interface GetParams {
    /** Id of the Spawn to fetch. */
    claude_instance_id: string;
}
/** Mirrors pkg/api/get.go::SpawnRow */
export interface GetResult {
    claude_instance_id: string;
    parent_id: string;
    /**
     * Current lifecycle state (pending/waiting/working/ask_user/check_permission/ended/missing).
     * pending means a launch (spawn, reuse or resume) is in progress and the agent has not
     * reported in yet (Claude Code's SessionStart); it may be loading or waiting at a startup
     * prompt. A resumed pending row keeps its session id and history; a non-empty
     * `claude_session_id` tells it from a fresh one.
     */
    state: string;
    cwd: string;
    tmux_session_name: string;
    /** The tmux socket the row's launch uses; omitted for a row from before this release. */
    tmux_socket?: string | null;
    claude_args: string[];
    relay_mode: string;
    jsonl_path: string;
    claude_session_id: string;
    labels: Record<string, string>;
    /** Row insert time (RFC3339). */
    started_at: string;
    /** Last hook UPSERT time (RFC3339). */
    last_seen_at: string;
    /** Set when state moves to ended; omitted while live. */
    ended_at?: string | null;
    /** Start of the launch in progress (RFC3339 UTC, millisecond precision); present only on a pending row, omitted otherwise. */
    launch_started_at?: string | null;
    /**
     * RFC3339 timestamp of the first sweep that noted this live row (left it
     * unverified, or noted it `unreported`); kept while later sweeps change
     * `liveness_note`, `unreported` included. Cleared together with
     * `liveness_note` when a sweep finds the agent process alive, except on a
     * pending row it notes `unreported` and a pending row noted
     * `provenance_conflict`, which keeps it; omitted/null while the row has no
     * note.
     */
    liveness_unverified_since?: string | null;
    /**
     * Reason token of the latest sweep that left this live row unverified (its
     * agent process could not be checked and tmux did not settle it), for
     * example `process_not_seen_session_present`,
     * `process_not_seen_tmux_unchecked`, `probe_eacces`, `tmux_server_changed`
     * or `provenance_conflict`; overwritten when the reason changes. Cleared
     * together with `liveness_unverified_since` when a sweep finds the agent
     * process alive, except on a pending row it notes `unreported` and a
     * pending row noted `provenance_conflict`, which keeps it; omitted/null
     * while the row has no note. Or `unreported`, on a pending row past the
     * pending grace period: its agent is alive, but no hook has reported since
     * its launch, so it may sit at a Claude Code startup screen or idle at its
     * prompt. The row stays pending. To act on it: `readPane`, then `sendKeys`
     * with `allow_pending`; only a caller that looked should type. A later
     * sweep that finds the agent alive keeps the note; the agent's next hook
     * clears it. `unreported` never replaces `provenance_conflict`.
     */
    liveness_note?: string | null;
    /** Open permission request; present only when state=check_permission with an undecided row. */
    permission_request?: PermissionRequestInfo | null;
}
/** Mirrors pkg/api.SendKeysParams (json tags). */
export interface SendKeysParams {
    /** Id of the Spawn whose pane will receive the text. */
    claude_instance_id: string;
    /**
     * Text to deliver to the pane. CR bytes stripped; LF preserved; Enter
     * appended. Empty text sends Enter only: it submits what is already typed,
     * such as a text a failed sendKeys left unsubmitted.
     */
    text: string;
    /**
     * When true, also allows a pending row: a launch (spawn, reuse or resume)
     * whose agent has not reported in yet. Keys are delivered only to a
     * session started by the row's current launch. ended and missing rows are
     * still rejected.
     */
    allow_pending?: boolean;
}
/** Mirrors pkg/api/sendkeys.go::SendKeysResult (empty; reserved for future fields). */
export interface SendKeysResult {
}
/** Mirrors pkg/api.ReadPaneParams (json tags). */
export interface ReadPaneParams {
    /** Id of the Spawn whose pane will be captured. */
    claude_instance_id: string;
    /** Trailing lines to return. Defaults to 25 when 0/omitted. A negative value is refused (ErrInvalidFlags). */
    n_lines?: number;
    /** When true return raw bytes (ANSI preserved); when false strip ANSI (default). */
    ansi?: boolean;
    /**
     * Accepted for surface symmetry with send-keys. ReadPane has no state
     * guard (any state including pending/ended/missing is always readable),
     * so this flag has no behavioral effect.
     */
    allow_pending?: boolean;
}
/** Mirrors pkg/api/readpane.go::ReadPaneResult */
export interface ReadPaneResult {
    /** Captured pane text. */
    pane: string;
}
/** Mirrors pkg/api.KillParams. */
export interface KillParams {
    /** Id of the Spawn to kill. */
    claude_instance_id: string;
}
/** Mirrors pkg/api/kill.go::KillResult (json tags). */
export interface KillResult {
    /** True exactly when a pane kill or a session kill was sent. */
    kill_sent: boolean;
}
/** Mirrors pkg/api.DecideParams (json tags). */
export interface DecideParams {
    /** Id of the Spawn whose open permission request is being decided. */
    claude_instance_id: string;
    /** UUIDv4 token identifying the specific permission request to decide. Required by the Go backend (ErrMissingRequestToken returned when absent); optional here for backward-compatible call shape. */
    request_token?: string;
    /** Orchestrator verdict. */
    decision: "allow" | "deny";
    /** Optional free-text message surfaced to Claude on deny. */
    reason?: string;
}
/** Mirrors pkg/api/decide.go::DecideResult (empty; reserved for future fields). */
export interface DecideResult {
}
/** Mirrors pkg/api.GetPermissionParams (json tags). */
export interface GetPermissionParams {
    /** UUIDv4 token identifying the permission_requests row to fetch. Required; empty string rejected by the backend. */
    request_token: string;
}
/** Mirrors pkg/api/get_permission.go::GetPermissionResult */
export interface GetPermissionResult {
    /** UUIDv4 token the row is keyed under (echoed back). */
    request_token: string;
    /** Autoincrement primary key of the permission_requests row. */
    request_id: number;
    /** Claude Code tool that triggered the permission request (e.g. "Bash", "Write"). */
    tool_name: string;
    /** Raw JSON string of the tool's input as stored in the DB. NOT a nested object — callers parse it themselves. */
    tool_input: string;
    /** RFC3339 timestamp when the permission request row was created. */
    requested_at: string;
    /** "allow" or "deny" once decided; null while the row is open (decision IS NULL in the DB). */
    decision?: "allow" | "deny" | null;
    /** Canonical decision-reason string ("operator" | "timeout" | "find_missing") for deny rows; null for open rows and for allow rows. */
    decision_reason?: "operator" | "timeout" | "find_missing" | null;
    /** RFC3339 timestamp when the verdict was written; null while the row is open. */
    decided_at?: string | null;
}
/** Mirrors pkg/api.ResumeParams (json tags). */
export interface ResumeParams {
    /** Id of the finished (ended or missing) row to resume. */
    claude_instance_id: string;
}
/**
 * Mirrors pkg/api/resume.go::ResumeResult. Resume moved the row to `pending`, keeping
 * its session id and history, until the agent reports in (Claude Code's SessionStart),
 * then `waiting`.
 */
export interface ResumeResult {
    /** Same id that was passed in (resume preserves it). */
    claude_instance_id: string;
    /**
     * What the launch's folder-trust pre-trust did. `"ok"`: the folder-trust entry was
     * written. `"skipped"`: pre-trust was off for this launch because the row records that
     * the spawn that began its life turned it off (`no_pre_trust`); nothing was attempted.
     * `"failed"`: pre-trust was attempted and the entry was not written (the `.claude.json`
     * file is missing, or could not be read, parsed or written, or the row's `extra_env`
     * sets `CLAUDE_CONFIG_DIR` to a path that is not absolute); the agent may stop at
     * Claude Code's folder-trust prompt. A pre-trust failure never fails the resume.
     */
    pre_trust: "ok" | "skipped" | "failed";
}
/** Params for the `find-missing` verb, which takes no CLI flags. */
export interface FindMissingParams {
    /**
     * Accepted but not sent: the `find-missing` CLI verb takes no flags, so
     * this value has no effect. The call is bounded by the Client's
     * `callTimeoutMs` like every other verb.
     */
    timeout_ms?: number;
}
/** Mirrors pkg/api/find_missing.go::FindMissingResult */
export interface FindMissingResult {
    /**
     * Number of rows this sweep marked `missing` (the length of `ids`). Zero is
     * a normal result when nothing needed marking.
     */
    count: number;
    /**
     * Sorted ids of rows this sweep marked `missing`, on process or tmux
     * evidence: rows whose agent process (the SessionStart one or the recorded
     * pane's) is dead, and rows whose process could not be checked and tmux
     * found no session or pane of their current launch; a pending row only past
     * the pending grace period, and never while the spawn, reuse or resume that
     * began its launch still runs. A row whose guarded write found it changed or
     * gone, or failed, is in neither list, and so is a pending row the sweep
     * notes `unreported` (its agent alive) or finds already noted so.
     * `missing` is the sweep's judgement on the evidence available to it, not
     * proof that the agent has exited. Never null; [] when none.
     */
    ids: string[];
    /** Number of live rows this sweep left unverified (the length of `unverified_ids`). */
    unverified: number;
    /**
     * Sorted ids of live rows this sweep left unverified with a liveness note,
     * whether it wrote the note or found it already current: rows whose agent
     * process could not be checked and which tmux did not mark, for example
     * because their own session is present, tmux could not tell or was
     * unavailable, or tmux was not called. Never a pending row inside the
     * pending grace period or while its launch runs. A row whose guarded write
     * found it changed or gone, or failed, a row whose note was cleared, and a
     * pending row noted `unreported` (its agent alive, no hook reported since
     * its launch; find it by `liveness_note` in `get` or `list`) are in neither
     * list. Never null; [] when none.
     */
    unverified_ids: string[];
}
/** Mirrors the `expire` verb's `older_than` param (pkg/api.Client.Expire arg). */
export interface ExpireParams {
    /**
     * Duration override (e.g. "7d", "2h", "0d"). When omitted, the config
     * default (defaults.expire_retention_days) applies.
     */
    older_than?: string;
}
/** Mirrors pkg/api/expire.go::ExpireResult */
export interface ExpireResult {
    /**
     * Number of rows deleted (the length of `ids`): rows deleted after tmux
     * showed no session of the agent (Gone) and its recorded process was not
     * seen running. Zero is a legitimate result when no row was deleted.
     */
    count: number;
    /**
     * Sorted ids of the rows deleted after tmux showed no session of the agent
     * (Gone) and its recorded process was not seen running, each only while
     * the row was unchanged since expire examined it. Never null; `[]` when
     * none.
     */
    ids: string[];
    /**
     * Number of selected rows kept rather than deleted (the length of
     * `kept_ids`), for example because the agent's process or a session of the
     * agent (its own, or a leftover of an earlier launch) may still run, tmux
     * could not be checked or answered from a different server, the run's tmux
     * time budget (`sweep_budget_seconds`) was spent, or the row changed after
     * it was examined.
     */
    kept: number;
    /**
     * Sorted ids of the selected rows kept rather than deleted, each reported
     * with its reason in the trail (`ad.expire.kept`). tmux problems and a
     * failed delete of one row never fail the run: the row is kept. A failed
     * read of the selected rows fails the run. A row another caller removed
     * first is in neither list. Never null; `[]` when none.
     */
    kept_ids: string[];
}
/** Mirrors pkg/api.MakeTemplateParams (json tags). */
export interface MakeTemplateParams {
    /** Template filename (without extension). Must be filename-safe. Required. */
    name: string;
    /** Default working directory to bake in. */
    cwd?: string;
    /** Default relay mode: "on" | "off" | "" (inherit). */
    relay_mode?: string;
    /** Default claude argv. Per-call `claude_args` replaces wholesale. */
    claude_args?: string[];
    /**
     * Env-var overrides to bake in. A key spawn would refuse is refused here with
     * `ErrReservedEnvKey` and nothing is written: `AGENT_DIRECTOR_*` keys, `HOME`
     * (any value), and a key that is not a valid env-var name (empty, or
     * containing `=` or a NUL character); the description says which.
     */
    extra_env?: Record<string, string>;
    /** Label k=v entries to bake in. */
    label?: string[];
    /** permissions.allow entries. */
    allow?: string[];
    /** permissions.deny entries. */
    deny?: string[];
    /** permissions.ask entries. */
    ask?: string[];
    /**
     * When true, an existing template at this name is replaced atomically
     * via a sibling-tempfile + rename. When omitted or false, the
     * existing-template rejection runs (v0.4.2 behaviour).
     */
    overwrite?: boolean;
}
/** Mirrors pkg/api/make_template.go::MakeTemplateResult */
export interface MakeTemplateResult {
    /** Absolute path of the written template TOML file. */
    path: string;
}
/** Mirrors pkg/api.ListParams (json tags). */
export interface ListParams {
    /** Filter by state (multiple values OR together). */
    state?: string[];
    /** Filter by label k=v pairs (multiple entries AND together). */
    label?: string[];
    /** Filter by parent_id exact match. */
    parent?: string;
    /** Filter by canonicalized cwd exact match. */
    cwd?: string;
    /** Filter by tmux session name exact match. */
    tmux_session_name?: string;
    /** Cap result count. 0/omitted means no cap. A negative value is refused (ErrInvalidFlags). */
    limit?: number;
}
/** Mirrors pkg/api/list.go::ListResult */
export interface ListResult {
    /** Matching Spawn rows. Empty array when none match. */
    spawns: ListRow[];
}
/** Mirrors pkg/api.PauseParams (json tags). */
export interface PauseParams {
    /** Id of the Spawn to pause gracefully. */
    claude_instance_id: string;
}
/** Mirrors pkg/api/pause.go::PauseResult (empty; reserved for future fields). */
export interface PauseResult {
}
/** Mirrors the `version` CLI verb (no user params; pkg/api.Client.Version takes none). */
export interface VersionParams {
}
/** Mirrors pkg/api/version.go::VersionResult */
export interface VersionResult {
    /** npm package version (e.g. "0.5.0"). Sourced from the installed agent-director package's package.json — not the CLI binary. See b.6o1. */
    version: string;
    /** CLI binary's full git SHA. "unknown" for unstamped builds. */
    commit: string;
}
